root@eltex-practice2-v30:~# START=$(journalctl -b -n +1 -o short-unix | awk '{print $1}')
root@eltex-practice2-v30:~# END=$(echo $START + 20 | bc)

root@eltex-practice2-v30:~# journalctl -b --since "@$START" --until "@$END" | head -5
Jul 15 09:52:17 localhost kernel: Linux version 6.8.0-134-generic (buildd@lcy02-amd64-007) (x86_64-linux-gnu-gcc-13 (Ubuntu 13.3.0-6ubuntu2~24.04.1) 13.3.0, GNU ld (GNU Binutils for Ubuntu) 2.42) #134-Ubuntu SMP PREEMPT_DYNAMIC Fri Jun 26 18:43:11 UTC 2026 (Ubuntu 6.8.0-134.134-generic 6.8.12)
Jul 15 09:52:17 localhost kernel: Command line: BOOT_IMAGE=/vmlinuz-6.8.0-134-generic root=/dev/mapper/ubuntu--vg-ubuntu--lv ro
Jul 15 09:52:17 localhost kernel: KERNEL supported cpus:
Jul 15 09:52:17 localhost kernel:   Intel GenuineIntel
Jul 15 09:52:17 localhost kernel:   AMD AuthenticAMD

root@eltex-practice2-v30:~# journalctl -b --since "@$START" --until "@$END" | tail -n 5
Jul 15 09:52:29 eltex-practice2-v30 snapd[687]: daemon.go:556: gracefully waiting for running hooks
Jul 15 09:52:29 eltex-practice2-v30 snapd[687]: daemon.go:558: done waiting for running hooks
Jul 15 09:52:32 eltex-practice2-v30 snapd[687]: overlord.go:538: Released state lock file
Jul 15 09:52:32 eltex-practice2-v30 snapd[687]: daemon stop requested to wait for socket activation
Jul 15 09:52:32 eltex-practice2-v30 systemd[1]: snapd.service: Deactivated successfully.

root@eltex-practice2-v30:~# find /var/log -name "auth.log"
/var/log/auth.log

root@eltex-practice2-v30:~# find / -name 'auth.log' -exec awk '{message = ""; for(i=5; i<=NF;i++) message=message " " $i; print $3 message}' {} + | sed 's/\[[0-9]*\]//' | head -n 5 | sort
CRON: session closed for user root
CRON: session closed for user root
CRON: session opened for user root(uid=0) by root(uid=0)
CRON: session opened for user root(uid=0) by root(uid=0)
CRON: session opened for user root(uid=0) by root(uid=0)
find: 'awk' terminated by signal 13
root@eltex-practice2-v30:~# find / -name 'auth.log' -exec awk '{message = ""; for(i=5; i<=NF;i++) message=message " " $i; print $3 message}' {} + | sed 's/\[[0-9]*\]//' | tail -5 | sort
CRON: session closed for user root
CRON: session closed for user root
CRON: session closed for user root
CRON: session opened for user root(uid=0) by root(uid=0)
CRON: session opened for user root(uid=0) by root(uid=0)

root@eltex-practice2-v30:~# find /var/log -name "auth.log" -exec awk '{print $5}' {} \; | sed -E 's/\[[0-9]+\]//g' | sort | uniq -c | sort -rn
   1527 session
      9 publickey
      6 system
      6 password
      5 user3)
      4 rules
      4 listening
      4 from
      4 disconnect
      3 login
      3 check
      2 user2)
      2 user1)
      2 user
      2 the
      2 seat
      2 on
      2 loading,
      2 is
      2 closed
      2 authentication
      2 'user3'
      2 'user2'
      2 'user1'
      1 signal
      1 :
      1 7
      1 623
      1 622
      1 621
      1 1

root@eltex-practice2-v30:~# awk -F: 'NR==FNR{split($4,u,",");for(i in u)g[u[i]]=g[u[i]]?g[u[i]]","$1:$1;next}$7=="/usr/sbin/nologin"{print $3","$1","g[$1]}' /etc/group /etc/passwd | sort -t, -k1 -rn                        
65534,nobody,
1003,user3,users,additional
998,systemd-network,
997,systemd-timesync,
992,systemd-resolve,
991,polkitd,
989,fwupd-refresh,
109,sshd,
108,usbmux,
107,landscape,
105,tcpdump,
104,uuidd,
103,syslog,adm
101,messagebus,
42,_apt,
39,irc,
38,list,
34,backup,
33,www-data,
13,proxy,
10,uucp,
9,news,
8,mail,
7,lp,
6,man,
5,games,
3,sys,
2,bin,
1,daemon,


t@eltex-practice2-v30:~# dmesg | grep 'kernel'
[    0.093644] Booting paravirtualized kernel on KVM
[    0.187131] Memory: 3925880K/4193760K available (22528K kernel code, 4439K rwdata, 14420K rodata, 4924K init, 4788K bss, 267620K reserved, 0K cma-reserved)
[    0.555660] Loaded X.509 cert 'Build time autogenerated kernel key: 79aab6b364387381d7a5d225dcfcd094a654ef62'
[    0.707516] Loaded X.509 cert 'Build time autogenerated kernel key: 79aab6b364387381d7a5d225dcfcd094a654ef62'
[    0.725908] Freeing unused kernel image (initmem) memory: 4924K
[    0.726359] Write protecting the kernel read-only data: 38912k
[    0.727264] Freeing unused kernel image (rodata/data gap) memory: 1964K
[    5.501738] systemd[1]: Listening on systemd-udevd-kernel.socket - udev Kernel Socket.
[    5.524778] systemd[1]: Mounting sys-kernel-debug.mount - Kernel Debug File System...
[    5.527858] systemd[1]: Mounting sys-kernel-tracing.mount - Kernel Trace File System...


root@eltex-practice2-v30:~# wc -l /var/log/kern.log
1407 /var/log/kern.log

root@eltex-practice2-v30:~# awk -v RS= '{split($0,l,"\n");for(i in l){split(l[i],kv,": ");d[kv[1]]=kv[2]}print "Commandline: "d["Commandline"]" ; Start-Date: "d["Start-Date"]" ; End-Date: "d["End-Date"];delete d}' /var/log/apt/history.log | head -n 5
Commandline: apt-get install --reinstall apt ; Start-Date: 2025-02-16  20:51:22 ; End-Date: 2025-02-16  20:51:24
Commandline: apt-get install --reinstall base-files ; Start-Date: 2025-02-16  20:51:26 ; End-Date: 2025-02-16  20:51:28
Commandline: apt-get install --reinstall base-passwd ; Start-Date: 2025-02-16  20:51:31 ; End-Date: 2025-02-16  20:51:32
Commandline: apt-get install --reinstall bash ; Start-Date: 2025-02-16  20:51:35 ; End-Date: 2025-02-16  20:51:37
Commandline: apt-get install --reinstall bsdutils ; Start-Date: 2025-02-16  20:51:39 ; End-Date: 2025-02-16  20:51:41
root@eltex-practice2-v30:~# 
root@eltex-practice2-v30:~# awk -v RS= '{split($0,l,"\n");for(i in l){split(l[i],kv,": ");d[kv[1]]=kv[2]}print "Commandline: "d["Commandline"]" ; Start-Date: "d["Start-Date"]" ; End-Date: "d["End-Date"];delete d}' /var/log/apt/history.log | tail -n 5
Commandline: /usr/bin/unattended-upgrade ; Start-Date: 2026-07-15  06:22:25 ; End-Date: 2026-07-15  06:22:55
Commandline: /usr/bin/unattended-upgrade ; Start-Date: 2026-07-15  06:22:57 ; End-Date: 2026-07-15  06:23:02
Commandline: /usr/bin/unattended-upgrade ; Start-Date: 2026-07-15  06:23:04 ; End-Date: 2026-07-15  06:23:08
Commandline: /usr/bin/unattended-upgrade ; Start-Date: 2026-07-15  06:23:09 ; End-Date: 2026-07-15  06:23:11
Commandline: /usr/bin/unattended-upgrade ; Start-Date: 2026-07-16  06:06:41 ; End-Date: 2026-07-16  06:06:46

